--------------------------------------------------------------------------------
Release 5.1i - Trace F.23
Copyright (c) 1995-2002 Xilinx, Inc.  All rights reserved.

C:/Xilinx/bin/nt/trce.exe -quiet -e 3 -l 3 -xml pc16 pc16.ncd -o pc16.twr
pc16.pcf

Design file:              pc16.ncd
Physical constraint file: pc16.pcf
Device,speed:             xc2s150,-6 (PRELIMINARY 1.25 2002-06-19)
Report level:             error report

Environment Variable      Effect 
--------------------      ------ 
NONE                      No environment variables were set
--------------------------------------------------------------------------------

INFO:Timing:2698 - No timing constraints found, doing default enumeration.


Data Sheet report:
-----------------
All values displayed in nanoseconds (ns)

Clock clk to Pad
---------------+------------+
               | clk (edge) |
Destination Pad|   to PAD   |
---------------+------------+
ci<16>         |   27.779(F)|
ci<17>         |   30.103(F)|
ci<18>         |   30.750(F)|
ci<19>         |   30.012(F)|
ci<20>         |   28.678(F)|
ci<21>         |   27.563(F)|
ci<22>         |   28.118(F)|
ci<23>         |   29.912(F)|
ci<24>         |   29.079(F)|
ci<25>         |   28.713(F)|
ci<26>         |   28.547(F)|
ci<27>         |   28.421(F)|
ci<28>         |   29.861(F)|
ci<29>         |   29.821(F)|
ci<30>         |   30.172(F)|
ci<31>         |   29.311(F)|
ctrl1          |   18.663(F)|
ior            |   18.331(F)|
iow            |   17.987(F)|
mclk           |   14.889(F)|
mrd            |   17.019(F)|
mwr            |   17.835(F)|
---------------+------------+

Clock to Setup on destination clock clk
---------------+---------+---------+---------+---------+
               | Src:Rise| Src:Fall| Src:Rise| Src:Fall|
Source Clock   |Dest:Rise|Dest:Rise|Dest:Fall|Dest:Fall|
---------------+---------+---------+---------+---------+
clk            |         |         |         |    5.601|
---------------+---------+---------+---------+---------+

Pad to Pad
---------------+---------------+---------+
Source Pad     |Destination Pad|  Delay  |
---------------+---------------+---------+
db<0>          |ci<0>          |   12.160|
db<0>          |ci<16>         |   18.178|
db<0>          |ci<17>         |   20.134|
db<10>         |ci<10>         |   12.525|
db<10>         |ci<26>         |   18.591|
db<10>         |ci<27>         |   18.465|
db<10>         |ci<28>         |   19.905|
db<10>         |ci<29>         |   19.865|
db<10>         |ci<30>         |   20.216|
db<10>         |ci<31>         |   19.355|
db<11>         |ci<11>         |   11.942|
db<11>         |ci<27>         |   18.148|
db<11>         |ci<28>         |   19.588|
db<11>         |ci<29>         |   19.548|
db<11>         |ci<30>         |   19.899|
db<11>         |ci<31>         |   19.038|
db<12>         |ci<12>         |   11.910|
db<12>         |ci<28>         |   18.824|
db<12>         |ci<29>         |   19.769|
db<13>         |ci<13>         |   12.692|
db<13>         |ci<29>         |   19.812|
db<13>         |ci<30>         |   20.540|
db<14>         |ci<14>         |   12.108|
db<14>         |ci<30>         |   19.147|
db<14>         |ci<31>         |   19.387|
db<15>         |ci<15>         |   13.941|
db<15>         |ci<31>         |   20.458|
db<1>          |ci<17>         |   19.705|
db<1>          |ci<18>         |   19.935|
db<1>          |ci<1>          |   10.999|
db<2>          |ci<18>         |   18.734|
db<2>          |ci<19>         |   17.996|
db<2>          |ci<2>          |   10.946|
db<3>          |ci<19>         |   19.011|
db<3>          |ci<20>         |   18.328|
db<3>          |ci<3>          |   10.807|
db<4>          |ci<20>         |   18.846|
db<4>          |ci<21>         |   18.297|
db<4>          |ci<4>          |   11.731|
db<5>          |ci<21>         |   17.689|
db<5>          |ci<22>         |   18.579|
db<5>          |ci<5>          |   11.155|
db<6>          |ci<22>         |   18.259|
db<6>          |ci<23>         |   19.517|
db<6>          |ci<6>          |   10.803|
db<7>          |ci<23>         |   20.647|
db<7>          |ci<24>         |   19.591|
db<7>          |ci<7>          |   11.777|
db<8>          |ci<24>         |   18.910|
db<8>          |ci<25>         |   18.544|
db<8>          |ci<8>          |   12.198|
db<9>          |ci<25>         |   18.877|
db<9>          |ci<26>         |   18.543|
db<9>          |ci<9>          |   12.042|
krix           |ci<23>         |   14.980|
krix           |ci<8>          |   15.989|
krix           |ctrl3          |   10.293|
mux<0>         |ci<0>          |   10.585|
mux<0>         |ci<10>         |   12.651|
mux<0>         |ci<11>         |   12.490|
mux<0>         |ci<12>         |   12.172|
mux<0>         |ci<13>         |   12.337|
mux<0>         |ci<14>         |   12.918|
mux<0>         |ci<15>         |   12.948|
mux<0>         |ci<16>         |   12.487|
mux<0>         |ci<17>         |   10.789|
mux<0>         |ci<18>         |   13.227|
mux<0>         |ci<19>         |   10.116|
mux<0>         |ci<1>          |    9.555|
mux<0>         |ci<20>         |   12.812|
mux<0>         |ci<21>         |   11.384|
mux<0>         |ci<22>         |   12.399|
mux<0>         |ci<23>         |   12.428|
mux<0>         |ci<24>         |   10.990|
mux<0>         |ci<25>         |   11.446|
mux<0>         |ci<26>         |   11.825|
mux<0>         |ci<27>         |   11.591|
mux<0>         |ci<28>         |   12.351|
mux<0>         |ci<29>         |   12.213|
mux<0>         |ci<2>          |    9.255|
mux<0>         |ci<30>         |   12.254|
mux<0>         |ci<31>         |   12.037|
mux<0>         |ci<3>          |    8.568|
mux<0>         |ci<4>          |   11.077|
mux<0>         |ci<5>          |    8.073|
mux<0>         |ci<6>          |    7.965|
mux<0>         |ci<7>          |   12.287|
mux<0>         |ci<8>          |   12.954|
mux<0>         |ci<9>          |   12.459|
mux<1>         |ci<0>          |   11.403|
mux<1>         |ci<10>         |   13.749|
mux<1>         |ci<11>         |   12.840|
mux<1>         |ci<12>         |   12.562|
mux<1>         |ci<13>         |   12.603|
mux<1>         |ci<14>         |   14.010|
mux<1>         |ci<15>         |   13.727|
mux<1>         |ci<16>         |   11.735|
mux<1>         |ci<17>         |   11.604|
mux<1>         |ci<18>         |   12.033|
mux<1>         |ci<19>         |   10.744|
mux<1>         |ci<1>          |   10.080|
mux<1>         |ci<20>         |   13.296|
mux<1>         |ci<21>         |   12.475|
mux<1>         |ci<22>         |   11.645|
mux<1>         |ci<23>         |   11.358|
mux<1>         |ci<24>         |   11.951|
mux<1>         |ci<25>         |   12.072|
mux<1>         |ci<26>         |   12.805|
mux<1>         |ci<27>         |   12.161|
mux<1>         |ci<28>         |   13.395|
mux<1>         |ci<29>         |   12.590|
mux<1>         |ci<2>          |   10.384|
mux<1>         |ci<30>         |   13.373|
mux<1>         |ci<31>         |   12.479|
mux<1>         |ci<3>          |    9.428|
mux<1>         |ci<4>          |   11.784|
mux<1>         |ci<5>          |    8.740|
mux<1>         |ci<6>          |    8.592|
mux<1>         |ci<7>          |   13.063|
mux<1>         |ci<8>          |   13.382|
mux<1>         |ci<9>          |   13.247|
mux<2>         |ci<0>          |   11.188|
mux<2>         |ci<10>         |   13.846|
mux<2>         |ci<11>         |   13.375|
mux<2>         |ci<12>         |   12.915|
mux<2>         |ci<13>         |   13.339|
mux<2>         |ci<14>         |   13.880|
mux<2>         |ci<15>         |   14.128|
mux<2>         |ci<16>         |   12.447|
mux<2>         |ci<17>         |   12.374|
mux<2>         |ci<18>         |   12.806|
mux<2>         |ci<19>         |   11.774|
mux<2>         |ci<1>          |    9.982|
mux<2>         |ci<20>         |   13.740|
mux<2>         |ci<21>         |   12.658|
mux<2>         |ci<22>         |   13.553|
mux<2>         |ci<23>         |   13.302|
mux<2>         |ci<24>         |   13.024|
mux<2>         |ci<25>         |   13.341|
mux<2>         |ci<26>         |   14.102|
mux<2>         |ci<27>         |   13.818|
mux<2>         |ci<28>         |   15.385|
mux<2>         |ci<29>         |   14.814|
mux<2>         |ci<2>          |   11.272|
mux<2>         |ci<30>         |   14.440|
mux<2>         |ci<31>         |   14.081|
mux<2>         |ci<3>          |   11.465|
mux<2>         |ci<4>          |   12.807|
mux<2>         |ci<5>          |   13.150|
mux<2>         |ci<6>          |   13.089|
mux<2>         |ci<7>          |   13.899|
mux<2>         |ci<8>          |   14.149|
mux<2>         |ci<9>          |   14.064|
prix           |ci<23>         |   15.137|
prix           |ci<8>          |   16.146|
prix           |ctrl4          |    7.837|
---------------+---------------+---------+

Analysis completed Mon Jun 08 14:19:18 2015
--------------------------------------------------------------------------------

